current directory: /home/ubuntu/environment/sample_app/vendor/bundle/ruby/3.3.0/gems/psych-5.4.0/ext/psych
/usr/bin/ruby3.3 -I/usr/lib/ruby/vendor_ruby extconf.rb
checking for pkg-config for yaml-0.1... [" ", "", "-lyaml"]
creating Makefile

current directory: /home/ubuntu/environment/sample_app/vendor/bundle/ruby/3.3.0/gems/psych-5.4.0/ext/psych
make DESTDIR\= sitearchdir\=./.gem.20260604-38357-x5ihx3 sitelibdir\=./.gem.20260604-38357-x5ihx3 clean
cd libyaml && make clean
/bin/sh: 1: cd: can't cd to libyaml
make: [Makefile:283: clean-so] Error 2 (ignored)

current directory: /home/ubuntu/environment/sample_app/vendor/bundle/ruby/3.3.0/gems/psych-5.4.0/ext/psych
make DESTDIR\= sitearchdir\=./.gem.20260604-38357-x5ihx3 sitelibdir\=./.gem.20260604-38357-x5ihx3
compiling psych.c
compiling psych_emitter.c
compiling psych_parser.c
compiling psych_to_ruby.c
compiling psych_yaml_tree.c
linking shared-object psych.so

current directory: /home/ubuntu/environment/sample_app/vendor/bundle/ruby/3.3.0/gems/psych-5.4.0/ext/psych
make DESTDIR\= sitearchdir\=./.gem.20260604-38357-x5ihx3 sitelibdir\=./.gem.20260604-38357-x5ihx3 install
/usr/bin/install -c -m 0755 psych.so ./.gem.20260604-38357-x5ihx3

current directory: /home/ubuntu/environment/sample_app/vendor/bundle/ruby/3.3.0/gems/psych-5.4.0/ext/psych
make DESTDIR\= sitearchdir\=./.gem.20260604-38357-x5ihx3 sitelibdir\=./.gem.20260604-38357-x5ihx3 clean
cd libyaml && make clean
/bin/sh: 1: cd: can't cd to libyaml
make: [Makefile:283: clean-so] Error 2 (ignored)
